// Jest Snapshot v1, https://goo.gl/fbAQLP

exports[`Timeline renders with clipSidebar prop 1`] = `
.c0 {
  display: -webkit-box;
  display: -webkit-flex;
  display: -ms-flexbox;
  display: flex;
  -webkit-flex-direction: column;
  -ms-flex-direction: column;
  flex-direction: column;
}

.c0 .Timeline-Item:first-child {
  padding-top: 0;
}

.c0 .Timeline-Item:last-child {
  padding-bottom: 0;
}

<div
  className="c0"
/>
`;

exports[`Timeline.Item renders with condensed prop 1`] = `
.c0 {
  display: -webkit-box;
  display: -webkit-flex;
  display: -ms-flexbox;
  display: flex;
  position: relative;
  padding: 16px 0;
  margin-left: 16px;
  padding-top: 4px;
  padding-bottom: 0;
}

.c0::before {
  position: absolute;
  top: 0;
  bottom: 0;
  left: 0;
  display: block;
  width: 2px;
  content: '';
  background-color: var(--borderColor-muted,var(--color-border-muted,hsla(210,18%,87%,1)));
}

.c0:last-child {
  padding-bottom: 16px;
}

.c0 .TimelineItem-Badge {
  height: 16px;
  margin-top: 8px;
  margin-bottom: 8px;
  color: var(--fgColor-muted,var(--color-fg-muted,#656d76));
  background-color: var(--bgColor-default,var(--color-canvas-default,#ffffff));
  border: 0;
}

<div
  className="c0 Timeline-Item"
/>
`;
